scons: Reading SConscript files ...
Board: sf32lb56-watch_hcpu
Mkdir("src")
Mkdir("resource/strings")
warning: app_layout/lv_session_pager.c calls bloc_*/provider/watch_sys_sync directly; new gui_apps code should use skai_* (ADR-0019)
Adding ftab subproject for chip: SF32LB56X (ptab v1/v2)
========
Multi-Project Info
--------
full_name       main.bootloader
parent          main
bsp_root        C:\skaiwalk\SiFli-SDK\example\boot_loader\project\sf32lb56x_v2
build_dir       build_sf32lb56-watch_hcpu/bootloader
link_script     C:/skaiwalk/SiFli-SDK/drivers/cmsis/sf32lb56x/Templates/arm/hcpu/link
ptab            C:\skaiwalk\SiFli-SDK\customer\boards\sf32lb56-watch\ptab.json
embedded:       False
--------
full_name       main.lcpu
parent          main
bsp_root        C:\skaiwalk\SiFli-SDK\example\get-started\dualcore\project\lcpu
build_dir       build_sf32lb56-watch_hcpu/lcpu
link_script     C:/skaiwalk/SiFli-SDK/drivers/cmsis/sf32lb56x/Templates/arm/lcpu/link
ptab            C:\skaiwalk\SiFli-SDK\customer\boards\sf32lb56-watch\ptab.json
embedded:       True
--------
full_name       main
parent          
bsp_root        C:\skaiwalk\SiFli-SDK\example\get-started\dualcore\project\hcpu
build_dir       build_sf32lb56-watch_hcpu/
link_script     C:/skaiwalk/SiFli-SDK/drivers/cmsis/sf32lb56x/Templates/arm/hcpu/link
ptab            C:\skaiwalk\SiFli-SDK\customer\boards\sf32lb56-watch\ptab.json
--------
full_name       main.ftab
parent          main
bsp_root        C:\skaiwalk\SiFli-SDK\example\flash_table\sf32lb56x_common_v2
build_dir       build_sf32lb56-watch_hcpu/ftab
link_script     C:/skaiwalk/SiFli-SDK/example/flash_table/sf32lb56x_common_v2\link
ptab            C:\skaiwalk\SiFli-SDK\customer\boards\sf32lb56-watch\ptab.json
embedded:       False
========
scons: done reading SConscript files.
scons: Building targets ...
scons: building associated VariantDir targets: build_sf32lb56-watch_hcpu . . .
LINK build_sf32lb56-watch_hcpu\bootloader\bootloader.axf
"C:\Users\skaiwalk\AppData\Local\Temp\p5ecc-3", line 127 (column 4): Warning: L6312W: Empty Execution region description for region ER_IROM3
Program Size: Code=20416 RO-data=8568 RW-data=7580 ZI-data=27108  
Finished: 0 information, 1 warning and 0 error messages.
Generating build_sf32lb56-watch_hcpu\bootloader\bootloader.bin ...
Generating build_sf32lb56-watch_hcpu\bootloader\bootloader.hex ...
Generating build_sf32lb56-watch_hcpu\bootloader\bootloader.asm ...

========================================================================

** Object/Image Component Sizes

      Code (inc. data)   RO Data    RW Data    ZI Data      Debug   Object Name

     20416       1826       8568       7584      27104     354298   build_sf32lb56-watch_hcpu\bootloader\bootloader.axf (uncompressed)
     20416       1826       8568       1272      27104     354298   build_sf32lb56-watch_hcpu\bootloader\bootloader.axf (compressed)
     20416       1826       8568       1272          0          0   ROM Totals for build_sf32lb56-watch_hcpu\bootloader\bootloader.axf
LINK build_sf32lb56-watch_hcpu\lcpu\lcpu.axf
Building compilation database build_sf32lb56-watch_hcpu\compile_commands.json
Building compilation database build_sf32lb56-watch_hcpu\bootloader\compile_commands.json
Warning: L6439W: Multiply defined Global Symbol HAL_UART_RxHalfCpltCallback defined in .text.HAL_UART_RxHalfCpltCallback(bf0_hal_uart.o) rejected in favor of Symbol defined in .text.HAL_UART_RxHalfCpltCallback(drv_usart.o).
Warning: L6439W: Multiply defined Global Symbol rt_hw_set_stack_limit defined in .text.rt_hw_set_stack_limit(cpuport.o) rejected in favor of Symbol defined in .text.rt_hw_set_stack_limit(thread.o).
Warning: L6439W: Multiply defined Global Symbol HAL_UART_RxCpltCallback defined in .text.HAL_UART_RxCpltCallback(bf0_hal_uart.o) rejected in favor of Symbol defined in .text.HAL_UART_RxCpltCallback(drv_usart.o).
Warning: L6439W: Multiply defined Global Symbol HAL_UART_ErrorCallback defined in .text.HAL_UART_ErrorCallback(bf0_hal_uart.o) rejected in favor of Symbol defined in .text.HAL_UART_ErrorCallback(drv_usart.o).
Program Size: Code=161768 RO-data=40680 RW-data=1488 ZI-data=27112  
Finished: 0 information, 4 warning and 0 error messages.
Building compilation database build_sf32lb56-watch_hcpu\ftab\compile_commands.json
Generating build_sf32lb56-watch_hcpu\lcpu\lcpu.bin ...
Generating build_sf32lb56-watch_hcpu\lcpu\lcpu.hex ...
Building compilation database build_sf32lb56-watch_hcpu\lcpu\compile_commands.json
Generating build_sf32lb56-watch_hcpu\lcpu\lcpu.asm ...

========================================================================

** Object/Image Component Sizes

      Code (inc. data)   RO Data    RW Data    ZI Data      Debug   Object Name

    161768      19098      40680       1488      27112    1437540   build_sf32lb56-watch_hcpu\lcpu\lcpu.axf
    161768      19098      40680       1488          0          0   ROM Totals for build_sf32lb56-watch_hcpu\lcpu\lcpu.axf
Generating build_sf32lb56-watch_hcpu\lcpu\lcpu.c ...
LINK build_sf32lb56-watch_hcpu\main.axf
"C:\Users\skaiwalk\AppData\Local\Temp\p4fd0-3", line 45 (column 3): Warning: L6312W: Empty Execution region description for region RW_PSRAM1
"C:\Users\skaiwalk\AppData\Local\Temp\p4fd0-3", line 148 (column 4): Warning: L6312W: Empty Execution region description for region ER_IROM3
Warning: L6439W: Multiply defined Global Symbol HAL_TIMEx_BreakCallback defined in .text.HAL_TIMEx_BreakCallback(bf0_hal_tim_ex.o) rejected in favor of Symbol defined in .text.HAL_TIMEx_BreakCallback(bf0_hal_tim.o).
Warning: L6330W: Undefined symbol BuiltinApp2Tab$$Base (referred from app_reg.o). Unused section has been removed.
Warning: L6330W: Undefined symbol BuiltinApp2Tab$$Limit (referred from app_reg.o). Unused section has been removed.
Program Size: Code=1518760 RO-data=959900 RW-data=13032 ZI-data=4327188  
Finished: 0 information, 5 warning and 0 error messages.
Generating build_sf32lb56-watch_hcpu\main.asm ...
Generating build_sf32lb56-watch_hcpu\main.hex ...
Generating build_sf32lb56-watch_hcpu\main.bin ...

========================================================================

** Object/Image Component Sizes

      Code (inc. data)   RO Data    RW Data    ZI Data      Debug   Object Name

   1518760     143916     959912      13040    4327180   25914762   build_sf32lb56-watch_hcpu\main.axf (uncompressed)
   1518760     143916     959912       7392    4327180   25914762   build_sf32lb56-watch_hcpu\main.axf (compressed)
         0          0         12          0          0          0   (incl. padding)
   1518760     143916     959912       7392          0          0   ROM Totals for build_sf32lb56-watch_hcpu\main.axf
Generating build_sf32lb56-watch_hcpu\ftab\board\ftab.c ...
LINK build_sf32lb56-watch_hcpu\ftab\ftab.axf
Warning: L6305W: Image does not have an entry point. (Not specified or not set due to multiple choices.)
Program Size: Code=0 RO-data=11280 RW-data=0 ZI-data=0  
Finished: 0 information, 1 warning and 0 error messages.
Generating build_sf32lb56-watch_hcpu\ftab\ftab.bin ...
Generating build_sf32lb56-watch_hcpu\ftab\ftab.hex ...
Generating build_sf32lb56-watch_hcpu\ftab\ftab.asm ...

========================================================================

** Object/Image Component Sizes

      Code (inc. data)   RO Data    RW Data    ZI Data      Debug   Object Name

         0          0      11280          0          0       1289   build_sf32lb56-watch_hcpu\ftab\ftab.axf
         0          0      11280          0          0          0   ROM Totals for build_sf32lb56-watch_hcpu\ftab\ftab.axf
Generating build_sf32lb56-watch_hcpu\download.bat ...
Generated sftool param: build_sf32lb56-watch_hcpu/sftool_param.json
scons: done building targets.
