
 \ | /
- SiFli Corporation
 / | \     build on Aug  3 2026, 2.5.0 build f47065bc
 2020 - 2022 Copyright by SiFli team
Hello RT-Thread!
mount /dev sucess
File System on root initialized!
dfs already init.
[7] E/DFS init: There is no space to register this file system (elm).
proc_stack:00AB12A8,4096
[gui_freetype_init] skipped: font file unavailable, falling back to LVGL theme fonts
PC simulator app_main: HCPU stub
[boot] init_pin + pm/touch        +0ms (total 0ms)
[boot] littlevgl2rtt_init         +69ms (total 69ms)
[boot] resource_init              +5ms (total 74ms)
share_prefs_open: sector_size 4096 size 16384
fdb_kvdb_init: prefdb
[boot] watch_config_flash_read    +41ms (total 115ms)
[boot] freetype_open_font         +2ms (total 117ms)
[boot] gui_app_init               +1ms (total 118ms)
[boot] ui_datac + msg/speech data +2ms (total 120ms)
match lang
[boot] bloc_setting + schedule    +2ms (total 122ms)
[boot] gui_app_run(Main) = FIRST FRAME +2ms (total 124ms)
[boot] deferred freetype + reflow +2ms (total 126ms)
[152] W/disp.gov app_watc: no default display refr_timer yet; init deferred
[154] W/bloc.peripheral peripher: unknown peripheral event: 5
msh />skai_pkg_add pkg_weather
share_prefs_open: sector_size 4096 size 16384
fdb_kvdb_init: prefdb
skai_pkg_add pkg_weather: ok
msh />skai_pkg_run weather
skai_pkg_run 65vp-rXkVrQ/weather: ok
